#-----------------------------------------------------------
# Vivado v2016.4 (64-bit)
# SW Build 1756540 on Mon Jan 23 19:11:23 MST 2017
# IP Build 1755317 on Mon Jan 23 20:30:07 MST 2017
# Start of session at: Wed May 03 15:54:35 2017
# Process ID: 7456
# Current directory: C:/Users/Wtp/Desktop/UTCN/An 2/Semestru 2/CA/project_1a
# Command line: vivado.exe -gui_launcher_event rodinguilauncherevent2256 C:\Users\Wtp\Desktop\UTCN\An 2\Semestru 2\CA\project_1a\project_1.xpr
# Log file: C:/Users/Wtp/Desktop/UTCN/An 2/Semestru 2/CA/project_1a/vivado.log
# Journal file: C:/Users/Wtp/Desktop/UTCN/An 2/Semestru 2/CA/project_1a\vivado.jou
#-----------------------------------------------------------
start_gui
open_project {C:/Users/Wtp/Desktop/UTCN/An 2/Semestru 2/CA/project_1a/project_1.xpr}
reset_run synth_1
launch_runs synth_1 -jobs 4
wait_on_run synth_1
launch_runs impl_1 -jobs 4
wait_on_run impl_1
reset_run impl_1
launch_runs impl_1 -jobs 4
wait_on_run impl_1
launch_runs impl_1 -to_step write_bitstream -jobs 4
wait_on_run impl_1
open_hw
connect_hw_server
open_hw_target
set_property PROGRAM.FILE {C:/Users/Wtp/Desktop/UTCN/An 2/Semestru 2/CA/project_1a/project_1.runs/impl_1/proj1_test.bit} [lindex [get_hw_devices xc7a35t_0] 0]
current_hw_device [lindex [get_hw_devices xc7a35t_0] 0]
refresh_hw_device -update_hw_probes false [lindex [get_hw_devices xc7a35t_0] 0]
set_property PROBES.FILE {} [lindex [get_hw_devices xc7a35t_0] 0]
set_property PROGRAM.FILE {C:/Users/Wtp/Desktop/UTCN/An 2/Semestru 2/CA/project_1a/project_1.runs/impl_1/proj1_test.bit} [lindex [get_hw_devices xc7a35t_0] 0]
program_hw_devices [lindex [get_hw_devices xc7a35t_0] 0]
refresh_hw_device [lindex [get_hw_devices xc7a35t_0] 0]
reset_run synth_1
launch_runs synth_1 -jobs 4
wait_on_run synth_1
launch_runs impl_1 -jobs 4
wait_on_run impl_1
launch_runs impl_1 -to_step write_bitstream -jobs 4
wait_on_run impl_1
set_property PROBES.FILE {} [lindex [get_hw_devices xc7a35t_0] 0]
set_property PROGRAM.FILE {C:/Users/Wtp/Desktop/UTCN/An 2/Semestru 2/CA/project_1a/project_1.runs/impl_1/proj1_test.bit} [lindex [get_hw_devices xc7a35t_0] 0]
program_hw_devices [lindex [get_hw_devices xc7a35t_0] 0]
refresh_hw_device [lindex [get_hw_devices xc7a35t_0] 0]
reset_run synth_1
launch_runs synth_1 -jobs 4
wait_on_run synth_1
launch_runs impl_1 -jobs 4
wait_on_run impl_1
launch_runs impl_1 -to_step write_bitstream -jobs 4
wait_on_run impl_1
set_property PROBES.FILE {} [lindex [get_hw_devices xc7a35t_0] 0]
set_property PROGRAM.FILE {C:/Users/Wtp/Desktop/UTCN/An 2/Semestru 2/CA/project_1a/project_1.runs/impl_1/proj1_test.bit} [lindex [get_hw_devices xc7a35t_0] 0]
program_hw_devices [lindex [get_hw_devices xc7a35t_0] 0]
refresh_hw_device [lindex [get_hw_devices xc7a35t_0] 0]
